../Core/Src/main.c:82:5:main	8	static
../Core/Src/main.c:134:6:SystemClock_Config	88	static
../Core/Src/main.c:182:13:MX_I2C1_Init	8	static
../Core/Src/main.c:216:13:MX_TIM1_Init	80	static
../Core/Src/main.c:293:13:MX_TIM2_Init	56	static
../Core/Src/main.c:342:13:MX_TIM3_Init	56	static
../Core/Src/main.c:391:13:MX_TIM4_Init	56	static
../Core/Src/main.c:440:13:MX_TIM5_Init	32	static
../Core/Src/main.c:506:13:MX_TIM9_Init	24	static
../Core/Src/main.c:553:13:MX_USART1_UART_Init	8	static
../Core/Src/main.c:586:13:MX_GPIO_Init	40	static
../Core/Src/main.c:638:6:Error_Handler	4	static,ignoring_inline_asm
