../Core/Src/main.c:88:5:main	16	static
../Core/Src/main.c:148:6:SystemClock_Config	88	static
../Core/Src/main.c:195:13:MX_I2C1_Init	8	static
../Core/Src/main.c:229:13:MX_TIM1_Init	80	static
../Core/Src/main.c:306:13:MX_TIM2_Init	56	static
../Core/Src/main.c:355:13:MX_TIM3_Init	56	static
../Core/Src/main.c:404:13:MX_TIM4_Init	56	static
../Core/Src/main.c:453:13:MX_TIM5_Init	56	static
../Core/Src/main.c:520:13:MX_USART1_UART_Init	8	static
../Core/Src/main.c:553:13:MX_GPIO_Init	40	static
../Core/Src/main.c:599:6:HAL_TIM_IC_CaptureCallback	24	static
../Core/Src/main.c:625:6:Init_Encoders	8	static
../Core/Src/main.c:634:6:Init_PWM	8	static
../Core/Src/main.c:641:6:Speed_Convert	80	static
../Core/Src/main.c:658:6:Moove	24	static
../Core/Src/main.c:664:6:Dribling	16	static
../Core/Src/main.c:673:6:Stupenika_TEST	56	static
../Core/Src/main.c:694:6:Motor_direction_A	16	static
../Core/Src/main.c:706:6:Motor_direction_B	16	static
../Core/Src/main.c:718:6:Motor_direction_C	16	static
../Core/Src/main.c:730:6:Motor_direction_D	16	static
../Core/Src/main.c:747:6:Error_Handler	4	static,ignoring_inline_asm
